import time: self [us] | cumulative | imported package
import time:      1056 |       1056 |   _io
import time:       252 |        252 |   marshal
import time:      1316 |       1316 |   posix
import time:     13925 |      16547 | _frozen_importlib_external
import time:       556 |        556 |   time
import time:      5737 |       6292 | zipimport
import time:       215 |        215 |     _codecs
import time:      3795 |       4009 |   codecs
import time:      1868 |       1868 |   encodings.aliases
import time:      8221 |      14098 | encodings
import time:      1032 |       1032 | encodings.utf_8
import time:       501 |        501 | _signal
import time:       134 |        134 |     _abc
import time:      2063 |       2196 |   abc
import time:      2001 |       4197 | io
import time:       207 |        207 |       _stat
import time:      1653 |       1860 |     stat
import time:      2394 |       2394 |     _collections_abc
import time:       136 |        136 |       genericpath
import time:      6305 |       6440 |     posixpath
import time:      4985 |      15677 |   os
import time:       315 |        315 |   _sitebuiltins
import time:     29319 |      29319 |     apport_python_hook
import time:      1370 |      30689 |   sitecustomize
import time:     83604 |     130283 | site
import time:    105185 |     105185 |         django.utils
import time:       481 |        481 |           _datetime
import time:      3002 |       3483 |         datetime
import time:       623 |        623 |             itertools
import time:      1303 |       1303 |             keyword
import time:       376 |        376 |               _operator
import time:      3381 |       3756 |             operator
import time:      1801 |       1801 |             reprlib
import time:       410 |        410 |             _collections
import time:     17405 |      25296 |           collections
import time:      1855 |       1855 |           types
import time:      5098 |       5098 |           _functools
import time:      7362 |      39609 |         functools
import time:       355 |        355 |           errno
import time:      5397 |       5397 |               enum
import time:       745 |        745 |                 _sre
import time:      1200 |       1200 |                   re._constants
import time:      4929 |       6128 |                 re._parser
import time:       394 |        394 |                 re._casefix
import time:      6308 |      13574 |               re._compiler
import time:      1096 |       1096 |               copyreg
import time:      9085 |      29150 |             re
import time:       421 |        421 |             _locale
import time:     10069 |      39638 |           locale
import time:      2319 |       2319 |           signal
import time:      1181 |       1181 |             _weakrefset
import time:      7678 |       8858 |           threading
import time:      1451 |       1451 |           warnings
import time:      2333 |       2333 |           contextlib
import time:       280 |        280 |           fcntl
import time:      8684 |       8684 |           msvcrt
import time:       179 |        179 |           _posixsubprocess
import time:       282 |        282 |           select
import time:      3315 |       3315 |             collections.abc
import time:       353 |        353 |             math
import time:      7639 |      11306 |           selectors
import time:     15776 |      91454 |         subprocess
import time:      1945 |       1945 |               weakref
import time:      5346 |       7290 |             copy
import time:     46543 |      53832 |           django.utils.functional
import time:     53525 |     107357 |         django.utils.regex_helper
import time:     82299 |     429385 |       django.utils.version
import time:     66519 |     495904 |     django
import time:     81745 |     577648 |   django.core
import time:      1269 |       1269 |     importlib
import time:      1176 |       1176 |       importlib._abc
import time:      2135 |       3311 |     importlib.util
import time:       382 |        382 |     importlib.machinery
import time:       173 |        173 |       _typing
import time:     13541 |      13714 |     typing
import time:      9371 |      28044 |   pkgutil
import time:      6251 |       6251 |     gettext
import time:      6903 |      13154 |   argparse
import time:       193 |        193 |       _heapq
import time:      5465 |       5658 |     heapq
import time:      5922 |      11579 |   difflib
import time:      3232 |       3232 |           _ast
import time:      5547 |       8779 |         ast
import time:       105 |        105 |             _opcode
import time:      3257 |       3361 |           opcode
import time:      4467 |       7828 |         dis
import time:      2126 |       2126 |             token
import time:       199 |        199 |             _tokenize
import time:      6524 |       8847 |           tokenize
import time:      2217 |      11063 |         linecache
import time:     11805 |      39473 |       inspect
import time:     45932 |      45932 |         django.utils.hashable
import time:     50836 |      96767 |       django.core.exceptions
import time:     51736 |      51736 |       django.utils.module_loading
import time:     78691 |     266666 |     django.apps.config
import time:     45778 |      45778 |     django.apps.registry
import time:     78924 |     391367 |   django.apps
import time:      3005 |       3005 |       textwrap
import time:      7144 |      10149 |     traceback
import time:      1091 |       1091 |       fnmatch
import time:      1293 |       1293 |         urllib
import time:     12016 |      12016 |         ipaddress
import time:      5705 |      19013 |       urllib.parse
import time:      8843 |       8843 |         _winapi
import time:      5465 |       5465 |         nt
import time:      6890 |       6890 |         nt
import time:      9053 |       9053 |         nt
import time:      5302 |       5302 |         nt
import time:      8854 |       8854 |         nt
import time:      5295 |       5295 |         nt
import time:     11778 |      61476 |       ntpath
import time:     10730 |      92309 |     pathlib
import time:     71503 |      71503 |     django.conf.global_settings
import time:     67622 |      67622 |         asgiref
import time:      1230 |       1230 |               concurrent
import time:       110 |        110 |                     _string
import time:      4133 |       4243 |                   string
import time:       459 |        459 |                   atexit
import time:     11159 |      15859 |                 logging
import time:      4697 |      20556 |               concurrent.futures._base
import time:      3131 |      24915 |             concurrent.futures
import time:      1398 |       1398 |               _socket
import time:       273 |        273 |               array
import time:      9048 |      10718 |             socket
import time:      6808 |       6808 |               _ssl
import time:       553 |        553 |                   _struct
import time:      1937 |       2489 |                 struct
import time:       283 |        283 |                 binascii
import time:      3216 |       5986 |               base64
import time:     14732 |      27526 |             ssl
import time:       958 |        958 |             asyncio.constants
import time:       421 |        421 |             asyncio.coroutines
import time:      1112 |       1112 |                 _contextvars
import time:      3066 |       4178 |               contextvars
import time:      1034 |       1034 |               asyncio.format_helpers
import time:       532 |        532 |                 asyncio.base_futures
import time:       724 |        724 |                 asyncio.exceptions
import time:       525 |        525 |                 asyncio.base_tasks
import time:      5006 |       6786 |               _asyncio
import time:      9766 |      21762 |             asyncio.events
import time:      1207 |       1207 |             asyncio.futures
import time:       783 |        783 |             asyncio.protocols
import time:       967 |        967 |               asyncio.transports
import time:       443 |        443 |               asyncio.log
import time:      4489 |       5897 |             asyncio.sslproto
import time:       624 |        624 |                 asyncio.mixins
import time:      4856 |       5479 |               asyncio.locks
import time:      2381 |       2381 |                 asyncio.timeouts
import time:      5912 |       8292 |               asyncio.tasks
import time:      4822 |      18593 |             asyncio.staggered
import time:       778 |        778 |             asyncio.trsock
import time:     21028 |     134579 |           asyncio.base_events
import time:      1513 |       1513 |           asyncio.runners
import time:      1238 |       1238 |           asyncio.queues
import time:      2161 |       2161 |           asyncio.streams
import time:      1455 |       1455 |           asyncio.subprocess
import time:       773 |        773 |           asyncio.taskgroups
import time:       607 |        607 |           asyncio.threads
import time:       893 |        893 |             asyncio.base_subprocess
import time:      2631 |       2631 |             asyncio.selector_events
import time:      6766 |      10290 |           asyncio.unix_events
import time:     17347 |     169959 |         asyncio
import time:      1221 |       1221 |             _queue
import time:      5555 |       6775 |           queue
import time:      2183 |       8957 |         concurrent.futures.thread
import time:     49797 |      49797 |         asgiref.current_thread_executor
import time:     42019 |      42019 |         asgiref.local
import time:     90775 |     429127 |       asgiref.sync
import time:     45656 |     474782 |     django.utils.deprecation
import time:     78746 |     727487 |   django.conf
import time:     78710 |      78710 |       django.core.checks.messages
import time:     34683 |      34683 |         django.utils.inspect
import time:     54939 |      89621 |       django.core.checks.registry
import time:     34842 |      34842 |       django.core.checks.async_checks
import time:     60043 |      60043 |               django.dispatch.dispatcher
import time:     61427 |     121470 |             django.dispatch
import time:     37166 |     158635 |           django.core.signals
import time:     93185 |      93185 |             django.core.cache.backends
import time:     73970 |     167154 |           django.core.cache.backends.base
import time:     34490 |      34490 |           django.utils.connection
import time:     63588 |     423866 |         django.core.cache
import time:      1174 |       1174 |           glob
import time:      1057 |       1057 |             _compat_pickle
import time:       298 |        298 |             _pickle
import time:      5135 |       6488 |           pickle
import time:       124 |        124 |               _bisect
import time:      2047 |       2170 |             bisect
import time:       117 |        117 |             _random
import time:       368 |        368 |             _sha2
import time:      4572 |       7225 |           random
import time:       215 |        215 |               zlib
import time:      1245 |       1245 |                 _compression
import time:      1487 |       1487 |                 _bz2
import time:      5583 |       8314 |               bz2
import time:      1105 |       1105 |                 _lzma
import time:      2877 |       3981 |               lzma
import time:      4803 |      17312 |             shutil
import time:      2656 |      19967 |           tempfile
import time:      2618 |       2618 |             _hashlib
import time:       155 |        155 |             _blake2
import time:      3034 |       5806 |           hashlib
import time:     43414 |      43414 |               django.core.files.utils
import time:     76511 |     119925 |             django.core.files.base
import time:     70012 |     189937 |           django.core.files
import time:     39270 |      39270 |           django.core.files.locks
import time:     37379 |      37379 |           django.core.files.move
import time:     58244 |     365487 |         django.core.cache.backends.filebased
import time:     36714 |     826066 |       django.core.checks.caches
import time:    173131 |     173131 |       django.core.checks.commands
import time:    723799 |     723799 |         django.core.checks.compatibility
import time:    230027 |     953825 |       django.core.checks.compatibility.django_4_0
import time:    190498 |     190498 |           django.db.utils
import time:    143289 |     333786 |         django.db
import time:    102564 |     436350 |       django.core.checks.database
import time:    208017 |     208017 |       django.core.checks.files
import time:    320971 |     320971 |       django.core.checks.model_checks
import time:    304577 |     304577 |         django.core.checks.security
import time:    893164 |    1197740 |       django.core.checks.security.base
import time:    102505 |     102505 |       django.core.checks.security.csrf
import time:    115874 |     115874 |       django.core.checks.security.sessions
import time:     91423 |      91423 |       django.core.checks.templates
import time:      2402 |       2402 |               numbers
import time:      7418 |       9819 |             _decimal
import time:      3202 |      13021 |           decimal
import time:      2489 |       2489 |             termios
import time:     12123 |      12123 |             pywatchman
import time:     81892 |      96504 |           django.utils.autoreload
import time:    149956 |     259479 |         django.utils.translation
import time:    129968 |     129968 |           django.conf.locale
import time:     61529 |      61529 |           django.utils.safestring
import time:    137400 |     328896 |         django.utils.translation.trans_real
import time:    154738 |     743113 |       django.core.checks.translation
import time:     69820 |      69820 |       django.core.checks.urls
import time:    168292 |    5610292 |     django.core.checks
import time:     65650 |      65650 |       django.utils.termcolors
import time:     11408 |      11408 |       colorama
import time:     83270 |     160326 |     django.core.management.color
import time:     98961 |    5869578 |   django.core.management.base
import time:    151148 |    7770002 | django.core.management
import time:     87675 |      87675 |     celery.local
import time:     88270 |     175944 |   celery
import time:      1740 |       1740 |                 __future__
import time:     91880 |      93620 |               kombu
import time:    119558 |     119558 |               kombu.utils.collections
import time:       372 |        372 |                     _csv
import time:      6777 |       7148 |                   csv
import time:      1766 |       1766 |                   email
import time:       650 |        650 |                       zipfile._path.glob
import time:      9725 |      10374 |                     zipfile._path
import time:     15509 |      25882 |                   zipfile
import time:      1480 |       1480 |                       quopri
import time:      4949 |       4949 |                           calendar
import time:     10174 |      15123 |                         email._parseaddr
import time:       642 |        642 |                           email.base64mime
import time:      1545 |       1545 |                           email.quoprimime
import time:      2195 |       2195 |                           email.errors
import time:      1120 |       1120 |                           email.encoders
import time:     11667 |      17166 |                         email.charset
import time:      7214 |      39502 |                       email.utils
import time:      4449 |       4449 |                         email.header
import time:     11349 |      15798 |                       email._policybase
import time:      1958 |       1958 |                       email._encoded_words
import time:       583 |        583 |                       email.iterators
import time:     31183 |      90501 |                     email.message
import time:       584 |        584 |                       importlib.metadata._functools
import time:      2475 |       3059 |                     importlib.metadata._text
import time:      5650 |      99209 |                   importlib.metadata._adapters
import time:      2022 |       2022 |                   importlib.metadata._meta
import time:      3469 |       3469 |                   importlib.metadata._collections
import time:       539 |        539 |                   importlib.metadata._itertools
import time:      2606 |       2606 |                         importlib.resources.abc
import time:      2237 |       2237 |                         importlib.resources._adapters
import time:     13691 |      18533 |                       importlib.resources._common
import time:      1009 |       1009 |                       importlib.resources._legacy
import time:     11137 |      30677 |                     importlib.resources
import time:      6804 |      37481 |                   importlib.abc
import time:     27985 |     205497 |                 importlib.metadata
import time:     54664 |      54664 |                         amqp.exceptions
import time:     44698 |      44698 |                         amqp.spec
import time:     84209 |      84209 |                             vine.abstract
import time:     30791 |      30791 |                                 vine.utils
import time:     31718 |      62509 |                               vine.promises
import time:     32486 |      94995 |                             vine.funtools
import time:     31598 |      31598 |                             vine.synchronization
import time:     61040 |     271840 |                           vine
import time:     40589 |     312429 |                         amqp.utils
import time:     56203 |     467993 |                       amqp.serialization
import time:     74888 |     542880 |                     amqp.basic_message
import time:     33514 |      33514 |                       amqp.abstract_channel
import time:     35808 |      35808 |                       amqp.protocol
import time:     35882 |     105202 |                     amqp.channel
import time:      6760 |       6760 |                           _wmi
import time:      2878 |       9638 |                         platform
import time:      4624 |       4624 |                         _uuid
import time:      3524 |      17785 |                       uuid
import time:      6640 |       6640 |                         gssapi
import time:     33954 |      40594 |                       amqp.sasl
import time:     31722 |      31722 |                       amqp.method_framing
import time:     33080 |      33080 |                         amqp.platform
import time:     39612 |      72691 |                       amqp.transport
import time:     41348 |     204138 |                     amqp.connection
import time:     78205 |     930424 |                   amqp
import time:     57968 |     988391 |                 kombu.exceptions
import time:       899 |        899 |                             multiprocessing.process
import time:      1153 |       1153 |                             multiprocessing.reduction
import time:      8674 |      10725 |                           multiprocessing.context
import time:      2301 |      13026 |                         multiprocessing
import time:     33320 |      46345 |                       billiard.process
import time:     33179 |      33179 |                       billiard.exceptions
import time:     57435 |     136958 |                     billiard.context
import time:     57507 |     194464 |                   billiard
import time:      5125 |       5125 |                   cffi
import time:      1500 |       1500 |                     _ctypes
import time:       986 |        986 |                     ctypes._endian
import time:      5798 |       8283 |                   ctypes
import time:      1112 |       1112 |                   multiprocessing.util
import time:      1131 |       1131 |                     resource
import time:     31562 |      32692 |                   billiard.compat
import time:     38698 |     280372 |                 billiard.util
import time:    109507 |    1583766 |               kombu.utils.compat
import time:     35811 |      35811 |                 kombu.utils.encoding
import time:     35369 |      71179 |               kombu.utils.div
import time:     46640 |      46640 |               kombu.utils.functional
import time:     48882 |      48882 |               kombu.utils.imports
import time:     52174 |      52174 |               kombu.utils.objects
import time:     42548 |      42548 |               kombu.utils.uuid
import time:    169682 |    2228045 |             kombu.utils
import time:      2421 |    2230465 |           kombu.utils.objects
import time:      6600 |       6600 |                 logging.handlers
import time:     41341 |      47940 |               kombu.log
import time:     45843 |      45843 |               celery.utils.term
import time:     51878 |     145660 |             celery.utils.log
import time:     79955 |     225615 |           celery.utils.functional
import time:     57024 |      57024 |           celery.utils.imports
import time:     38310 |      38310 |                   kombu.resource
import time:     73041 |      73041 |                   kombu.transport
import time:     48504 |      48504 |                   kombu.utils.url
import time:     58434 |     218287 |                 kombu.connection
import time:     47955 |     266242 |               kombu.abstract
import time:      2365 |       2365 |                         _json
import time:      5865 |       8229 |                       json.scanner
import time:      3103 |      11332 |                     json.decoder
import time:      1886 |       1886 |                     json.encoder
import time:      3368 |      16585 |                   json
import time:     47198 |      63783 |                 kombu.utils.json
import time:      6404 |       6404 |                 yaml
import time:      7427 |       7427 |                 msgpack
import time:    662443 |     740055 |               kombu.serialization
import time:     54103 |    1060398 |             kombu.entity
import time:      3669 |       3669 |                 dataclasses
import time:      3440 |       7109 |               pprint
import time:     59873 |      66982 |             celery.utils.text
import time:     53977 |    1181356 |           celery.utils.nodenames
import time:     93093 |    3787551 |         celery.utils
import time:      8585 |       8585 |         greenlet
import time:     53069 |    3849203 |       celery.utils.threads
import time:     61844 |    3911047 |     celery._state
import time:     44560 |      44560 |               click._compat
import time:     39829 |      39829 |                 click.globals
import time:     42826 |      42826 |                 click.utils
import time:     44753 |     127407 |               click.exceptions
import time:     50103 |     222069 |             click.types
import time:     40755 |      40755 |             click._utils
import time:    260676 |     260676 |               click.parser
import time:     55010 |     315685 |             click.formatting
import time:    112749 |     112749 |             click.termui
import time:     77667 |     768923 |           click.core
import time:    411085 |     411085 |           click.decorators
import time:    228705 |    1408712 |         click
import time:      2788 |    1411499 |       click.exceptions
import time:    156816 |     156816 |           dateutil._version
import time:    402280 |     559095 |         dateutil
import time:     71113 |      71113 |           six
import time:    155424 |     155424 |           dateutil._common
import time:       344 |        344 |             six.moves
import time:    175815 |     175815 |             dateutil.tz._common
import time:     85084 |      85084 |             dateutil.tz._factories
import time:       212 |        212 |               six.moves.winreg
import time:     92068 |      92280 |             dateutil.tz.win
import time:    179050 |     532571 |           dateutil.tz.tz
import time:    396528 |    1155633 |         dateutil.parser._parser
import time:    132973 |     132973 |         dateutil.parser.isoparser
import time:    148596 |    1996296 |       dateutil.parser
import time:     81514 |      81514 |           kombu.common
import time:     13163 |      13163 |             brotli
import time:     14543 |      14543 |             zstandard
import time:     72733 |     100438 |           kombu.compression
import time:     77565 |     259516 |         kombu.messaging
import time:     65569 |     325085 |       kombu.pools
import time:     50704 |      50704 |       kombu.clocks
import time:    121103 |     121103 |       kombu.transport.native_delayed_delivery
import time:     12336 |      12336 |             cPickle
import time:     77173 |      89509 |           celery.utils.serialization
import time:     81126 |     170635 |         celery.exceptions
import time:     75494 |     246128 |       celery.platforms
import time:     55959 |      55959 |                         sysconfig
import time:      3290 |       3290 |                         _sysconfigdata__x86_64-linux-gnu
import time:     13319 |      72567 |                       zoneinfo._tzpath
import time:       959 |        959 |                       zoneinfo._common
import time:      1917 |       1917 |                       _zoneinfo
import time:      8903 |      84344 |                     zoneinfo
import time:    100397 |     100397 |                     tzlocal.windows_tz
import time:     69498 |     254238 |                   tzlocal.utils
import time:    118115 |     372352 |                 tzlocal.unix
import time:    645508 |    1017860 |               tzlocal
import time:    477937 |    1495796 |             celery.utils.time
import time:    177076 |    1672871 |           celery.utils.dispatch.signal
import time:    142079 |    1814950 |         celery.utils.dispatch
import time:    435150 |    2250100 |       celery.signals
import time:    104035 |     104035 |       celery.loaders
import time:     74232 |      74232 |       celery.utils.abstract
import time:      5992 |       5992 |         __pypy__
import time:     93177 |      99168 |       celery.utils.collections
import time:     86518 |      86518 |       celery.utils.objects
import time:     78149 |      78149 |       celery.utils.annotations
import time:     63264 |      63264 |       celery.utils.quorum_queues
import time:     56608 |      56608 |       celery.app.backends
import time:     70947 |      70947 |       celery.app.builtins
import time:     82596 |      82596 |       celery.app.annotations
import time:    657452 |     657452 |       celery.app.autoretry
import time:     76040 |      76040 |       celery.app.defaults
import time:     59748 |      59748 |       celery.app.registry
import time:     60689 |      60689 |       celery.app.utils
import time:    138892 |    8109243 |     celery.app.base
import time:    114481 |   12134769 |   celery.app
import time:     46007 |      46007 |         celery.utils.graph
import time:      5436 |       5436 |         greenlet
import time:     47274 |      98716 |       celery.bootsteps
import time:     70854 |      70854 |       celery.concurrency
import time:      1513 |       1513 |         shelve
import time:     49592 |      51105 |       celery.worker.state
import time:     82615 |     303288 |     celery.worker.worker
import time:     82146 |     385433 |   celery.worker
import time:     47999 |      47999 |   celery.loaders.base
import time:    294026 |   13038170 | config.celery
import time:     43217 |      43217 |       dotenv.parser
import time:     33058 |      33058 |       dotenv.variables
import time:     81875 |     158149 |     dotenv.main
import time:     71442 |     229590 |   dotenv
import time:      4754 |       4754 |   channels
import time:     75994 |     310337 | config.settings.base
import time:      2476 |       2476 |         http
import time:      5831 |       5831 |         http.cookies
import time:     62336 |      70642 |       django.http.cookie
import time:      2832 |       2832 |             hmac
import time:      1545 |       1545 |             secrets
import time:     34413 |      34413 |             django.utils.encoding
import time:     36433 |      75221 |           django.utils.crypto
import time:     34186 |     109407 |         django.core.signing
import time:     44618 |      44618 |             django.core.files.temp
import time:     40848 |      85466 |           django.core.files.uploadedfile
import time:     42754 |     128219 |         django.core.files.uploadhandler
import time:      2356 |       2356 |             html.entities
import time:      2801 |       5156 |           html
import time:     36818 |      36818 |           django.utils.datastructures
import time:       201 |        201 |             unicodedata
import time:     35612 |      35813 |           django.utils.http
import time:     38067 |     115852 |         django.http.multipartparser
import time:     38789 |     392265 |       django.http.request
import time:      4384 |       4384 |           _winapi
import time:      9223 |       9223 |           winreg
import time:      3657 |      17263 |         mimetypes
import time:      1294 |       1294 |             email.feedparser
import time:      1385 |       2678 |           email.parser
import time:      3810 |       6488 |         http.client
import time:     54868 |      54868 |                   django.db.models.utils
import time:     96558 |     151426 |                 django.db.models.signals
import time:     56532 |      56532 |                                         django.template.context
import time:     54824 |      54824 |                                             django.utils.dates
import time:     49349 |      49349 |                                             django.utils.timezone
import time:     53391 |     157563 |                                           django.utils.dateformat
import time:     61086 |      61086 |                                           django.utils.numberformat
import time:     49332 |     267980 |                                         django.utils.formats
import time:      3482 |       3482 |                                             _markupbase
import time:     14886 |      18367 |                                           html.parser
import time:     47028 |      47028 |                                             django.utils.deconstruct
import time:     47111 |      47111 |                                             django.utils.ipv6
import time:     58680 |     152818 |                                           django.core.validators
import time:      2458 |       2458 |                                             gzip
import time:     51884 |      54342 |                                           django.utils.text
import time:     58194 |     283720 |                                         django.utils.html
import time:     51227 |      51227 |                                         django.template.exceptions
import time:     57425 |     716883 |                                       django.template.base
import time:     47841 |      47841 |                                       django.template.library
import time:     81880 |     846603 |                                     django.template.engine
import time:     46327 |      46327 |                                     django.template.utils
import time:    114851 |     114851 |                                         django.template.backends
import time:     50447 |      50447 |                                           django.utils._os
import time:     61372 |     111819 |                                         django.template.backends.base
import time:    111377 |     338046 |                                       django.template.backends.django
import time:     65720 |     403765 |                                     django.template.autoreload
import time:     77524 |    1374217 |                                   django.template
import time:      2149 |    1376366 |                                 django.template.backends
import time:      1593 |    1377958 |                               django.template.backends.django
import time:     58609 |      58609 |                               django.template.loader
import time:     49921 |    1486487 |                             django.forms.renderers
import time:     50455 |    1536941 |                           django.forms.utils
import time:      2020 |       2020 |                             graphlib
import time:    105268 |     105268 |                               django.templatetags
import time:    111765 |     217032 |                             django.templatetags.static
import time:     58131 |      58131 |                             django.utils.choices
import time:     63359 |     340542 |                           django.forms.widgets
import time:     84892 |    1962373 |                         django.forms.boundfield
import time:     61902 |      61902 |                           django.utils.dateparse
import time:     50490 |      50490 |                           django.utils.duration
import time:     61170 |     173562 |                         django.forms.fields
import time:     49406 |      49406 |                         django.forms.forms
import time:     58933 |      58933 |                         django.forms.formsets
import time:     55982 |      55982 |                         django.forms.models
import time:     84634 |    2384887 |                       django.forms
import time:     56544 |      56544 |                       django.db.models.constants
import time:     56458 |      56458 |                         django.db.transaction
import time:     48004 |      48004 |                         django.utils.tree
import time:     72219 |     176681 |                       django.db.models.query_utils
import time:    107908 |    2726020 |                     django.db.models.fields
import time:     51614 |      51614 |                     django.db.models.enums
import time:     63696 |    2841329 |                   django.db.models.expressions
import time:     70052 |      70052 |                     django.db.models.functions.comparison
import time:     63673 |      63673 |                             django.db.backends
import time:    105679 |     169351 |                           django.db.backends.base
import time:     31569 |      31569 |                               sqlparse.tokens
import time:     38699 |      38699 |                               sqlparse.utils
import time:     55095 |     125362 |                             sqlparse.sql
import time:     31424 |      31424 |                               sqlparse.exceptions
import time:     36476 |      67900 |                             sqlparse.cli
import time:     64667 |      64667 |                               sqlparse.engine.grouping
import time:     70943 |      70943 |                                   sqlparse.keywords
import time:     46450 |     117392 |                                 sqlparse.lexer
import time:     69832 |      69832 |                                 sqlparse.engine.statement_splitter
import time:    104254 |     104254 |                                   sqlparse.filters.others
import time:    167068 |     167068 |                                   sqlparse.filters.output
import time:    259302 |     259302 |                                   sqlparse.filters.tokens
import time:    217977 |     217977 |                                   sqlparse.filters.reindent
import time:    128918 |     128918 |                                   sqlparse.filters.right_margin
import time:     90074 |      90074 |                                   sqlparse.filters.aligned_indent
import time:    238321 |    1205911 |                                 sqlparse.filters
import time:     53341 |    1446475 |                               sqlparse.engine.filter_stack
import time:     60511 |    1571652 |                             sqlparse.engine
import time:     94495 |      94495 |                             sqlparse.formatter
import time:     61585 |    1920992 |                           sqlparse
import time:     85181 |    2175524 |                         django.db.backends.base.operations
import time:     61746 |    2237269 |                       django.db.models.lookups
import time:     60938 |    2298207 |                     django.db.models.functions.datetime
import time:     71584 |      71584 |                         django.db.models.fields.mixins
import time:    387623 |     459207 |                       django.db.models.fields.json
import time:     89090 |     548297 |                     django.db.models.functions.json
import time:     81157 |      81157 |                       django.db.models.functions.mixins
import time:     75719 |     156875 |                     django.db.models.functions.math
import time:     82978 |      82978 |                     django.db.models.functions.text
import time:     98290 |      98290 |                     django.db.models.functions.window
import time:     96453 |    3351149 |                   django.db.models.functions
import time:     63754 |    6256231 |                 django.db.models.aggregates
import time:     50228 |      50228 |                     django.db.backends.utils
import time:    108678 |     108678 |                         django.db.models.sql.constants
import time:    112624 |     112624 |                         django.db.models.sql.datastructures
import time:    106371 |     106371 |                         django.db.models.sql.where
import time:    139539 |     467211 |                       django.db.models.sql.query
import time:     59093 |      59093 |                       django.db.models.sql.subqueries
import time:     88729 |     615032 |                     django.db.models.sql
import time:     61276 |     726535 |                   django.db.models.indexes
import time:     56623 |     783158 |                 django.db.models.constraints
import time:     37320 |      37320 |                 django.db.models.deletion
import time:     69554 |      69554 |                   django.db.models.fields.tuple_lookups
import time:     60483 |     130036 |                 django.db.models.fields.composite
import time:     28874 |      28874 |                   django.core.files.images
import time:    103120 |     103120 |                     django.core.files.storage.base
import time:     72789 |      72789 |                       django.core.files.storage.mixins
import time:     78086 |     150875 |                     django.core.files.storage.filesystem
import time:     77278 |      77278 |                     django.core.files.storage.handler
import time:     84639 |      84639 |                     django.core.files.storage.memory
import time:     81789 |     497699 |                   django.core.files.storage
import time:     75973 |     602544 |                 django.db.models.fields.files
import time:     65719 |      65719 |                 django.db.models.fields.generated
import time:     44509 |      44509 |                 django.db.models.fields.proxy
import time:     59733 |      59733 |                   django.db.models.query
import time:     58828 |     118561 |                 django.db.models.manager
import time:     58529 |      58529 |                     django.db.models.fields.related_descriptors
import time:     48477 |      48477 |                     django.db.models.fields.related_lookups
import time:     50703 |      50703 |                     django.db.models.fields.reverse_related
import time:     72194 |     229901 |                   django.db.models.fields.related
import time:     36334 |      36334 |                   django.db.models.options
import time:     45119 |     311354 |                 django.db.models.base
import time:     91972 |    8592824 |               django.db.models
import time:     68619 |    8661442 |             django.core.serializers.base
import time:     61373 |    8722815 |           django.core.serializers
import time:     49336 |      49336 |           django.core.serializers.python
import time:     45059 |    8817209 |         django.core.serializers.json
import time:     42744 |    8883703 |       django.http.response
import time:     58509 |    9405117 |     django.http
import time:     29842 |      29842 |     django.urls.exceptions
import time:     36859 |      36859 |       django.urls.converters
import time:     19506 |      19506 |       django.urls.utils
import time:     38873 |      95236 |     django.urls.resolvers
import time:     63820 |    9594014 |   django.urls.base
import time:     17884 |      17884 |   django.urls.conf
import time:     64648 |    9676545 | django.urls
import time:     10758 |      10758 |     socketserver
import time:      6255 |      17012 |   logging.config
import time:      1115 |       1115 |       email.generator
import time:      8135 |       8135 |         email._header_value_parser
import time:      4055 |      12190 |       email.headerregistry
import time:       555 |        555 |         email.mime
import time:       853 |        853 |           email.contentmanager
import time:      3190 |       4042 |         email.policy
import time:      6810 |      11406 |       email.mime.base
import time:       567 |        567 |         email.mime.nonmultipart
import time:      1854 |       2421 |       email.mime.message
import time:       399 |        399 |       email.mime.multipart
import time:       475 |        475 |       email.mime.text
import time:     65514 |      65514 |       django.core.mail.utils
import time:    102211 |     195726 |     django.core.mail.message
import time:     95589 |     291315 |   django.core.mail
import time:     40880 |     349206 | django.utils.log
import time:     46185 |      46185 |       django.template.response
import time:     66080 |      66080 |       django.utils.decorators
import time:     90122 |     202385 |     django.views.generic.base
import time:     42277 |      42277 |       django.views.generic.detail
import time:     28821 |      28821 |         django.core.paginator
import time:     42299 |      71119 |       django.views.generic.list
import time:     78972 |     192367 |     django.views.generic.dates
import time:     39470 |      39470 |     django.views.generic.edit
import time:    389509 |     823730 |   django.views.generic
import time:      2777 |     826506 | django.views.generic.base
import time:     19862 |      19862 |   django.utils.timesince
import time:     26967 |      46829 | django.template.defaultfilters
import time:     77442 |      77442 |   django.views.decorators
import time:     72526 |     149967 | django.views.decorators.debug
import time:     76788 |      76788 |   django.utils.lorem_ipsum
import time:     63216 |      63216 |   django.template.smartif
import time:     64827 |     204829 | django.template.defaulttags
import time:    132736 |     132736 | django.contrib.admin.decorators
import time:     79294 |      79294 |   django.contrib.admin.exceptions
import time:     76057 |      76057 |         django.contrib.messages.constants
import time:    143063 |     143063 |         django.contrib.messages.storage
import time:    136247 |     355366 |       django.contrib.messages.api
import time:     72780 |      72780 |         django.contrib.messages.utils
import time:    142982 |     215762 |       django.contrib.messages.storage.base
import time:    121362 |     692489 |     django.contrib.messages
import time:     65411 |      65411 |       django.contrib.admin.utils
import time:     89096 |     154507 |     django.contrib.admin.helpers
import time:     71283 |      71283 |     django.contrib.admin.widgets
import time:     72989 |      72989 |     django.contrib.admin.checks
import time:    125814 |     125814 |       django.contrib.admin.templatetags
import time:    123533 |     249347 |     django.contrib.admin.templatetags.admin_urls
import time:     90788 |      90788 |         django.middleware
import time:     82945 |      82945 |         django.utils.cache
import time:    115420 |     289152 |       django.middleware.csrf
import time:    115388 |     115388 |       django.contrib.auth.signals
import time:    114523 |     519062 |     django.contrib.auth
import time:     70413 |      70413 |     django.views.decorators.csrf
import time:    109717 |    1939804 |   django.contrib.admin.options
import time:     83631 |    2102728 | django.contrib.admin.filters
import time:     74910 |      74910 |   django.contrib.admin.actions
import time:    132478 |     132478 |     django.contrib.admin.views
import time:    661435 |     793912 |   django.contrib.admin.views.autocomplete
import time:     90977 |      90977 |     django.shortcuts
import time:    274734 |     365710 |   django.contrib.auth.decorators
import time:    119247 |     119247 |     django.middleware.cache
import time:    123336 |     242583 |   django.views.decorators.cache
import time:    195369 |     195369 |   django.views.decorators.common
import time:     97115 |      97115 |   django.views.i18n
import time:     94039 |    1863636 | django.contrib.admin.sites
import time:      3140 |       3140 |     getpass
import time:    134041 |     134041 |       django.contrib.contenttypes
import time:    268862 |     268862 |           django.db.migrations.utils
import time:    255583 |     255583 |           django.db.migrations.exceptions
import time:    364351 |     888795 |         django.db.migrations.migration
import time:     56511 |      56511 |             django.db.migrations.operations.base
import time:    118099 |     174610 |           django.db.migrations.operations.fields
import time:     48501 |      48501 |             django.db.migrations.state
import time:    174066 |     222566 |           django.db.migrations.operations.models
import time:     76667 |      76667 |           django.db.migrations.operations.special
import time:    154146 |     627989 |         django.db.migrations.operations
import time:    155976 |    1672759 |       django.db.migrations
import time:    162444 |    1969243 |     django.contrib.contenttypes.management
import time:    131115 |    2103496 |   django.contrib.auth.management
import time:     79576 |    2183072 | django.contrib.auth.checks
import time:     57971 |      57971 | django.contrib.contenttypes.checks
import time:     52855 |      52855 |     django.contrib.staticfiles.utils
import time:     48377 |     101232 |   django.contrib.staticfiles.finders
import time:     56249 |     157480 | django.contrib.staticfiles.checks
import time:     47232 |      47232 | django.contrib.sites.checks
import time:     45543 |      45543 | django.contrib.sites.management
import time:     60698 |      60698 |     corsheaders.defaults
import time:     35777 |      96474 |   corsheaders.conf
import time:     37680 |     134154 | corsheaders.checks
Traceback (most recent call last):
  File "/mnt/c/Users/youne/Desktop/2-InfoTech/website/website13/backend/manage.py", line 11, in <module>
    main()
  File "/mnt/c/Users/youne/Desktop/2-InfoTech/website/website13/backend/manage.py", line 9, in main
    execute_from_command_line(sys.argv)
  File "/mnt/c/Users/youne/Desktop/2-InfoTech/website/website13/backend/venv/lib/python3.12/site-packages/django/core/management/__init__.py", line 442, in execute_from_command_line
    utility.execute()
  File "/mnt/c/Users/youne/Desktop/2-InfoTech/website/website13/backend/venv/lib/python3.12/site-packages/django/core/management/__init__.py", line 416, in execute
    django.setup()
  File "/mnt/c/Users/youne/Desktop/2-InfoTech/website/website13/backend/venv/lib/python3.12/site-packages/django/__init__.py", line 24, in setup
    apps.populate(settings.INSTALLED_APPS)
  File "/mnt/c/Users/youne/Desktop/2-InfoTech/website/website13/backend/venv/lib/python3.12/site-packages/django/apps/registry.py", line 91, in populate
    app_config = AppConfig.create(entry)
                 ^^^^^^^^^^^^^^^^^^^^^^^
  File "/mnt/c/Users/youne/Desktop/2-InfoTech/website/website13/backend/venv/lib/python3.12/site-packages/django/apps/config.py", line 123, in create
    mod = import_module(mod_path)
          ^^^^^^^^^^^^^^^^^^^^^^^
  File "/usr/lib/python3.12/importlib/__init__.py", line 90, in import_module
    return _bootstrap._gcd_import(name[level:], package, level)
           ^^^^^^^^^^^^^^^^^^^^^^^^^^^^^^^^^^^^^^^^^^^^^^^^^^^^
  File "<frozen importlib._bootstrap>", line 1387, in _gcd_import
  File "<frozen importlib._bootstrap>", line 1360, in _find_and_load
  File "<frozen importlib._bootstrap>", line 1331, in _find_and_load_unlocked
  File "<frozen importlib._bootstrap>", line 935, in _load_unlocked
  File "<frozen importlib._bootstrap_external>", line 991, in exec_module
  File "<frozen importlib._bootstrap_external>", line 1129, in get_code
  File "<frozen importlib._bootstrap_external>", line 1059, in source_to_code
  File "<frozen importlib._bootstrap>", line 488, in _call_with_frames_removed
  File "/mnt/c/Users/youne/Desktop/2-InfoTech/website/website13/backend/apps/core/apps.py", line 9
    
    ^
IndentationError: expected an indented block after function definition on line 7
import time:       204 |        204 | gc
