Migrations for 'discuss':
  apps/discuss/migrations/0001_initial.py
    + Create model Channel
    + Create model Message
    + Create model ChannelMember
Migrations for 'fleet':
  apps/fleet/migrations/0001_initial.py
    + Create model Vehicle
    + Create model VehicleContract
    + Create model VehicleLog
Migrations for 'mrp':
  apps/mrp/migrations/0001_initial.py
    + Create model BillOfMaterial
    + Create model BOMComponent
    + Create model ManufacturingOrder
    + Create model WorkCenter
Migrations for 'pos':
  apps/pos/migrations/0001_initial.py
    + Create model POSConfig
    + Create model POSOrder
    + Create model POSOrderLine
    + Create model POSPayment
    + Create model POSSession
    + Add field session to posorder
settings.DATABASES is improperly configured. Please supply the ENGINE value. Check settings documentation for more details.