Traceback (most recent call last):
  File "/mnt/c/Users/youne/Desktop/2-InfoTech/website/website13/backend/manage.py", line 20, in <module>
    main()
  File "/mnt/c/Users/youne/Desktop/2-InfoTech/website/website13/backend/manage.py", line 17, in main
    execute_from_command_line(sys.argv)
  File "/mnt/c/Users/youne/Desktop/2-InfoTech/website/website13/backend/venv/lib/python3.12/site-packages/django/core/management/__init__.py", line 442, in execute_from_command_line
    utility.execute()
  File "/mnt/c/Users/youne/Desktop/2-InfoTech/website/website13/backend/venv/lib/python3.12/site-packages/django/core/management/__init__.py", line 436, in execute
    self.fetch_command(subcommand).run_from_argv(self.argv)
  File "/mnt/c/Users/youne/Desktop/2-InfoTech/website/website13/backend/venv/lib/python3.12/site-packages/django/core/management/base.py", line 416, in run_from_argv
    self.execute(*args, **cmd_options)
  File "/mnt/c/Users/youne/Desktop/2-InfoTech/website/website13/backend/venv/lib/python3.12/site-packages/django/core/management/base.py", line 460, in execute
    output = self.handle(*args, **options)
             ^^^^^^^^^^^^^^^^^^^^^^^^^^^^^
  File "/mnt/c/Users/youne/Desktop/2-InfoTech/website/website13/backend/apps/core/management/commands/test_states.py", line 12, in handle
    user.tenant = tenant
    ^^^^^^^^^^^
AttributeError: property 'tenant' of 'User' object has no setter
